cargo :    Compiling cfg-if 
v1.0.4
En línea: 1 Carácter: 1
+ cargo build 2>&1 | 
Out-File -FilePath C:\proyect
os\NeoxAgent\build_ou ...
+ ~~~~~~~~~~~~~~~~
    + CategoryInfo           
   : NotSpecified: (   Comp  
  iling cfg-if v1.0.4:Stri   
 ng) [], RemoteException
    + FullyQualifiedErrorId  
   : NativeCommandError
 
   Compiling itoa v1.0.17
   Compiling 
pin-project-lite v0.2.16
   Compiling bytes v1.11.1
   Compiling windows-link 
v0.2.1
   Compiling futures-core 
v0.3.32
   Compiling smallvec v1.15.1
   Compiling 
stable_deref_trait v1.2.1
   Compiling futures-sink 
v0.3.32
   Compiling memchr v2.8.0
   Compiling slab v0.4.12
   Compiling log v0.4.29
   Compiling futures-task 
v0.3.32
   Compiling futures-io 
v0.3.32
   Compiling scopeguard 
v1.2.0
   Compiling once_cell 
v1.21.3
   Compiling writeable v0.6.2
   Compiling litemap v0.8.1
   Compiling tower-service 
v0.3.3
   Compiling serde_core 
v1.0.228
   Compiling 
windows_x86_64_msvc v0.53.1
   Compiling httparse v1.10.1
   Compiling typenum v1.19.0
   Compiling 
icu_normalizer_data v2.1.1
   Compiling 
windows_x86_64_msvc v0.52.6
   Compiling 
icu_properties_data v2.1.2
   Compiling zerocopy v0.8.39
   Compiling 
percent-encoding v2.3.2
   Compiling zerofrom v0.1.6
   Compiling httpdate v1.0.3
   Compiling thiserror 
v1.0.69
   Compiling zmij v1.0.21
   Compiling futures-channel 
v0.3.32
   Compiling windows-sys 
v0.61.2
   Compiling lock_api v0.4.14
   Compiling windows-targets 
v0.53.5
   Compiling yoke v0.8.1
   Compiling http v1.4.0
   Compiling 
parking_lot_core v0.9.12
   Compiling tracing-core 
v0.1.36
   Compiling getrandom 
v0.2.17
   Compiling form_urlencoded 
v1.2.2
   Compiling windows-targets 
v0.52.6
   Compiling mime v0.3.17
   Compiling fnv v1.0.7
   Compiling num-traits 
v0.2.19
   Compiling windows-sys 
v0.60.2
   Compiling hashbrown 
v0.16.1
   Compiling simd-adler32 
v0.3.8
   Compiling try-lock v0.2.5
   Compiling utf8_iter v1.0.4
   Compiling adler2 v2.0.1
   Compiling byteorder v1.5.0
   Compiling tower-layer 
v0.3.3
   Compiling windows-sys 
v0.52.0
   Compiling equivalent 
v1.0.2
   Compiling zerovec v0.11.5
   Compiling zerotrie v0.2.3
   Compiling cpufeatures 
v0.2.17
   Compiling parking_lot 
v0.12.5
   Compiling rand_core v0.6.4
   Compiling want v0.3.1
   Compiling crc32fast v1.5.0
   Compiling filetime v0.2.27
   Compiling sync_wrapper 
v1.0.2
   Compiling regex-syntax 
v0.8.9
   Compiling futures-util 
v0.3.32
   Compiling http v0.2.12
   Compiling miniz_oxide 
v0.8.9
   Compiling pin-utils v0.1.0
   Compiling ryu v1.0.23
   Compiling data-encoding 
v2.10.0
   Compiling utf-8 v0.7.6
   Compiling atomic-waker 
v1.1.2
   Compiling pin-project 
v1.1.10
   Compiling tar v0.4.44
   Compiling pin-project 
v0.4.30
   Compiling encoding_rs 
v0.8.35
   Compiling bytes v0.5.6
   Compiling lazy_static 
v1.5.0
   Compiling winnow v0.7.14
   Compiling toml_write 
v0.1.2
   Compiling spin v0.9.8
   Compiling getrandom v0.4.1
   Compiling thread_local 
v1.1.9
   Compiling matchit v0.7.3
   Compiling unsafe-libyaml 
v0.2.11
   Compiling base64 v0.13.1
   Compiling generic-array 
v0.14.7
   Compiling tracing v0.1.44
   Compiling indexmap v2.13.0
   Compiling tracing-log 
v0.2.0
   Compiling sharded-slab 
v0.1.7
   Compiling http-body v1.0.1
   Compiling bitflags v2.11.0
   Compiling base64 v0.22.1
   Compiling uuid v1.21.0
   Compiling tinystr v0.8.2
   Compiling potential_utf 
v0.1.4
   Compiling flate2 v1.1.9
   Compiling http-body-util 
v0.1.3
   Compiling icu_collections 
v2.1.1
   Compiling http-body v0.4.6
   Compiling tower-http 
v0.6.8
   Compiling icu_locale_core 
v2.1.1
   Compiling block-buffer 
v0.10.4
   Compiling crypto-common 
v0.1.7
   Compiling socket2 v0.5.10
   Compiling digest v0.10.7
   Compiling regex-automata 
v0.4.14
   Compiling sha1 v0.10.6
   Compiling socket2 v0.6.2
   Compiling icu_provider 
v2.1.1
   Compiling serde v1.0.228
   Compiling serde_json 
v1.0.149
   Compiling 
serde_path_to_error v0.1.20
   Compiling icu_properties 
v2.1.2
   Compiling icu_normalizer 
v2.1.1
   Compiling chrono v0.4.43
   Compiling serde_spanned 
v0.6.9
   Compiling toml_datetime 
v0.6.11
   Compiling 
serde_urlencoded v0.7.1
   Compiling serde_yaml 
v0.9.34+deprecated
   Compiling toml_edit 
v0.22.27
   Compiling mio v1.1.1
   Compiling nu-ansi-term 
v0.50.3
   Compiling 
futures-executor v0.3.32
   Compiling axum-core v0.4.5
   Compiling multer v3.1.0
   Compiling tokio v1.49.0
   Compiling matchers v0.2.0
   Compiling idna_adapter 
v1.2.1
   Compiling 
tracing-subscriber v0.3.22
   Compiling idna v1.1.0
   Compiling futures v0.3.32
   Compiling futures_codec 
v0.4.1
   Compiling url v2.5.8
   Compiling 
podman-api-stubs v0.9.0
   Compiling ppv-lite86 
v0.2.21
   Compiling rand_chacha 
v0.3.1
   Compiling rand v0.8.5
   Compiling toml v0.8.23
   Compiling tungstenite 
v0.24.0
   Compiling hyper v0.14.32
   Compiling hyper v1.8.1
   Compiling tower v0.5.3
   Compiling 
tokio-tungstenite v0.24.0
   Compiling hyper-util 
v0.1.20
   Compiling axum v0.7.9
   Compiling containers-api 
v0.8.0
   Compiling podman-api 
v0.10.0
   Compiling neox-agent 
v0.1.0 
(C:\proyectos\NeoxAgent)
    Finished `dev` profile 
[unoptimized + debuginfo] 
target(s) in 25.40s
